anisprite.c
collrect.c
control.c
joystick.c
keyb.c
layer2.c
levels.c
main.c
music_player.c
object.c
palette.c
pause_dialog.c
persist.c
player.c
print_tile.c
screen_about.c
screen_about.wrap.c
screen_control.c
screen_control.wrap.c
screen_controller.c
screen_debug_keyboard.c
screen_debug_keyboard.wrap.c
screen_final1.c
screen_final1.wrap.c
screen_final2.c
screen_final2.wrap.c
screen_game.c
screen_info1.c
screen_info1.wrap.c
screen_info2.c
screen_info3.c
screen_info3.wrap.c
screen_info4.c
screen_inter.c
screen_inter.wrap.c
screen_level_select.c
screen_level_select.wrap.c
screen_menu_game.c
screen_menu_game.wrap.c
screen_menu_main.c
sprite_manager.c
util_next.c
anisprite_defs.asm
arkos2akg.asm
control.asm
joystick.asm
keyb.asm
layer2.asm
layer2_img_title.asm
levels.asm
levels_extra.asm
paging.asm
palette.asm
palette_data.asm
pg46.asm
player_defs.asm
song_LeavingTown.asm
song_LonelyRoad.asm
song_MeteoRain.asm
song_NextRevolution.asm
splash.asm
sprite_game_defs.asm
sprite_manager.asm
sprite_menu_defs.asm
tables256.asm
tilemap_manager.asm
tileset.asm
util_next.asm
